// Jest Snapshot v1, https://goo.gl/fbAQLP

exports[`History::toJSON serializes the tree of actions 1`] = `
Object {
  "list": Array [
    Object {
      "key": "one",
      "payload": true,
      "status": "complete",
    },
    Object {
      "key": "two",
      "payload": true,
      "status": "complete",
    },
    Object {
      "key": "four",
      "payload": true,
      "status": "complete",
    },
  ],
  "size": 3,
  "tree": Object {
    "children": Array [
      Object {
        "children": Array [
          Object {
            "children": Array [],
            "key": "three",
            "payload": true,
            "status": "complete",
          },
          Object {
            "children": Array [],
            "key": "four",
            "payload": true,
            "status": "complete",
          },
        ],
        "key": "two",
        "payload": true,
        "status": "complete",
      },
    ],
    "key": "one",
    "payload": true,
    "status": "complete",
  },
}
`;
